                                                                                     
                              ABACUS v3.4.1

               Atomic-orbital Based Ab-initio Computation at UStc                    

                     Website: http://abacus.ustc.edu.cn/                             
               Documentation: https://abacus.deepmodeling.com/                       
                  Repository: https://github.com/abacusmodeling/abacus-develop       
                              https://github.com/deepmodeling/abacus-develop         
                      Commit: unknown

    Start Time is Mon Oct 30 05:56:09 2023
                                                                                     
 ------------------------------------------------------------------------------------

 READING GENERAL INFORMATION
                           global_out_dir = OUT.ABACUS/
                           global_in_card = INPUT
                               pseudo_dir = 
                              orbital_dir = 
                                    DRANK = 1
                                    DSIZE = 8
                                   DCOLOR = 1
                                    GRANK = 1
                                    GSIZE = 1
 The esolver type has been set to : ksdft_lcao




 >>>>>>>>>>>>>>>>>>>>>>>>>>>>>>>>>>>>>>>>>>>>>>>>>>>>>>>>>>>>>>>>>>>>>>
 |                                                                    |
 | Reading atom information in unitcell:                              |
 | From the input file and the structure file we know the number of   |
 | different elments in this unitcell, then we list the detail        |
 | information for each element, especially the zeta and polar atomic |
 | orbital number for each element. The total atom number is counted. |
 | We calculate the nearest atom distance for each atom and show the  |
 | Cartesian and Direct coordinates for each atom. We list the file   |
 | address for atomic orbitals. The volume and the lattice vectors    |
 | in real and reciprocal space is also shown.                        |
 |                                                                    |
 <<<<<<<<<<<<<<<<<<<<<<<<<<<<<<<<<<<<<<<<<<<<<<<<<<<<<<<<<<<<<<<<<<<<<<




 READING UNITCELL INFORMATION
                                    ntype = 1
                  lattice constant (Bohr) = 1.88973
              lattice constant (Angstrom) = 1

 READING ATOM TYPE 1
                               atom label = Fe
                      L=0, number of zeta = 4
                      L=1, number of zeta = 2
                      L=2, number of zeta = 2
                      L=3, number of zeta = 1
             number of atom for this type = 2
               magnetization of element 1 = [ 0, 0, 5 ]

                        TOTAL ATOM NUMBER = 2
DIRECT COORDINATES
   atom           x                y                z           mag          vx               vy               vz       
taud_Fe1       0.0000000000     0.0000000000     0.0000000000 +5.0000     0.0000000000     0.0000000000     0.0000000000
taud_Fe2       0.5000000000     0.5000000000     0.5000000000 +5.0000     0.0000000000     0.0000000000     0.0000000000


                          Volume (Bohr^3) = 153.409
                             Volume (A^3) = 22.7329

 Lattice vectors: (Cartesian coordinate: in unit of a_0)
             +2.83282                  +0                  +0
                   +0            +2.83282                  +0
                   +0                  +0            +2.83282
 Reciprocal vectors: (Cartesian coordinate: in unit of 2 pi/a_0)
            +0.353006                  -0                  +0
                   -0           +0.353006                  -0
                   +0                  -0           +0.353006




 >>>>>>>>>>>>>>>>>>>>>>>>>>>>>>>>>>>>>>>>>>>>>>>>>>>>>>>>>>>>>>>>>>>>>>
 |                                                                    |
 | Reading pseudopotentials files:                                    |
 | The pseudopotential file is in UPF format. The 'NC' indicates that |
 | the type of pseudopotential is 'norm conserving'. Functional of    |
 | exchange and correlation is decided by 4 given parameters in UPF   |
 | file.  We also read in the 'core correction' if there exists.      |
 | Also we can read the valence electrons number and the maximal      |
 | angular momentum used in this pseudopotential. We also read in the |
 | trail wave function, trail atomic density and local-pseudopotential|
 | on logrithmic grid. The non-local pseudopotential projector is also|
 | read in if there is any.                                           |
 |                                                                    |
 <<<<<<<<<<<<<<<<<<<<<<<<<<<<<<<<<<<<<<<<<<<<<<<<<<<<<<<<<<<<<<<<<<<<<<




                PAO radial cut off (Bohr) = 15

 Read in pseudopotential file is Fe.upf
                     pseudopotential type = NC
          exchange-correlation functional = PBE
                 nonlocal core correction = 1
                        valence electrons = 16
                                     lmax = 2
                           number of zeta = 6
                     number of projectors = 10
                           L of projector = 0
                           L of projector = 0
                           L of projector = 1
                           L of projector = 1
                           L of projector = 1
                           L of projector = 1
                           L of projector = 2
                           L of projector = 2
                           L of projector = 2
                           L of projector = 2
     initial pseudo atomic orbital number = 40
                                   NLOCAL = 108

%%%%%%%%%%%%%%%%%%%%%%%%%%%%%%%%%%%%%%%%%%%%%%%%%%%%%%%%%%%%%%%%%%%%%%%%%%%%%%%%%%%%%%%%%%%%%%%%%%%%%%%%%%
 Warning: the number of valence electrons in pseudopotential > 8 for Fe: [Ar] 3d6 4s2
 Pseudopotentials with additional electrons can yield (more) accurate outcomes, but may be less efficient.
 If you're confident that your chosen pseudopotential is appropriate, you can safely ignore this warning.
%%%%%%%%%%%%%%%%%%%%%%%%%%%%%%%%%%%%%%%%%%%%%%%%%%%%%%%%%%%%%%%%%%%%%%%%%%%%%%%%%%%%%%%%%%%%%%%%%%%%%%%%%%
                  




 >>>>>>>>>>>>>>>>>>>>>>>>>>>>>>>>>>>>>>>>>>>>>>>>>>>>>>>>>>>>>>>>>>>>>>
 |                                                                    |
 | Setup plane waves of charge/potential:                             |
 | Use the energy cutoff and the lattice vectors to generate the      |
 | dimensions of FFT grid. The number of FFT grid on each processor   |
 | is 'nrxx'. The number of plane wave basis in reciprocal space is   |
 | different for charege/potential and wave functions. We also set    |
 | the 'sticks' for the parallel of FFT. The number of plane waves    |
 | is 'npw' in each processor.                                        |
 <<<<<<<<<<<<<<<<<<<<<<<<<<<<<<<<<<<<<<<<<<<<<<<<<<<<<<<<<<<<<<<<<<<<<<





 SETUP THE PLANE WAVE BASIS
 energy cutoff for charge/potential (unit:Ry) = 400
            fft grid for charge/potential = [ 36, 36, 36 ]
                        fft grid division = [ 3, 3, 3 ]
        big fft grid for charge/potential = [ 12, 12, 12 ]
                                     nbxx = 288
                                     nrxx = 7776

 SETUP PLANE WAVES FOR CHARGE/POTENTIAL
                    number of plane waves = 20719
                         number of sticks = 917

 PARALLEL PW FOR CHARGE/POTENTIAL
     PROC   COLUMNS(POT)             PW
        1            114           2590
        2            114           2590
        3            114           2590
        4            116           2590
        5            116           2590
        6            115           2589
        7            114           2590
        8            114           2590
 --------------- sum -------------------
        8            917          20719
                            number of |g| = 234
                                  max |g| = 36.1378
                                  min |g| = 0.124613

 SETUP THE ELECTRONS NUMBER
            electron number of element Fe = 16
      total electron number of element Fe = 32
            AUTOSET number of electrons:  = 32
 DONE : SETUP UNITCELL Time : 0.279736 (SEC)





 >>>>>>>>>>>>>>>>>>>>>>>>>>>>>>>>>>>>>>>>>>>>>>>>>>>>>>>>>>>>>>>>>>>>>>
 |                                                                    |
 | Setup K-points                                                     |
 | We setup the k-points according to input parameters.               |
 | The reduced k-points are set according to symmetry operations.     |
 | We treat the spin as another set of k-points.                      |
 |                                                                    |
 <<<<<<<<<<<<<<<<<<<<<<<<<<<<<<<<<<<<<<<<<<<<<<<<<<<<<<<<<<<<<<<<<<<<<<





 SETUP K-POINTS
                                    nspin = 4
                   Input type of k points = Monkhorst-Pack(Gamma)
                                   nkstot = 8
                               nkstot_ibz = 8
      IBZ             DirectX             DirectY             DirectZ              Weight    ibz2bz
        1                   0                   0                   0               0.125         0
        2                 0.5                   0                   0               0.125         1
        3                   0                 0.5                   0               0.125         2
        4                 0.5                 0.5                   0               0.125         3
        5                   0                   0                 0.5               0.125         4
        6                 0.5                   0                 0.5               0.125         5
        7                   0                 0.5                 0.5               0.125         6
        8                 0.5                 0.5                 0.5               0.125         7
                               nkstot now = 8

  KPOINTS            DIRECT_X            DIRECT_Y            DIRECT_Z              WEIGHT
        1                   0                   0                   0               0.125
        2                 0.5                   0                   0               0.125
        3                   0                 0.5                   0               0.125
        4                 0.5                 0.5                   0               0.125
        5                   0                   0                 0.5               0.125
        6                 0.5                   0                 0.5               0.125
        7                   0                 0.5                 0.5               0.125
        8                 0.5                 0.5                 0.5               0.125

           k-point number in this process = 8
       minimum distributed K point number = 8

  KPOINTS         CARTESIAN_X         CARTESIAN_Y         CARTESIAN_Z              WEIGHT
        1                   0                   0                   0               0.125
        2            0.176503                   0                   0               0.125
        3                   0            0.176503                   0               0.125
        4            0.176503            0.176503                   0               0.125
        5                   0                   0            0.176503               0.125
        6            0.176503                   0            0.176503               0.125
        7                   0            0.176503            0.176503               0.125
        8            0.176503            0.176503            0.176503               0.125

  KPOINTS            DIRECT_X            DIRECT_Y            DIRECT_Z              WEIGHT
        1                   0                   0                   0               0.125
        2                 0.5                   0                   0               0.125
        3                   0                 0.5                   0               0.125
        4                 0.5                 0.5                   0               0.125
        5                   0                   0                 0.5               0.125
        6                 0.5                   0                 0.5               0.125
        7                   0                 0.5                 0.5               0.125
        8                 0.5                 0.5                 0.5               0.125
 DONE : INIT K-POINTS Time : 0.296275 (SEC)





 >>>>>>>>>>>>>>>>>>>>>>>>>>>>>>>>>>>>>>>>>>>>>>>>>>>>>>>>>>>>>>>>>>>>>>
 |                                                                    |
 | Setup plane waves of wave functions:                               |
 | Use the energy cutoff and the lattice vectors to generate the      |
 | dimensions of FFT grid. The number of FFT grid on each processor   |
 | is 'nrxx'. The number of plane wave basis in reciprocal space is   |
 | different for charege/potential and wave functions. We also set    |
 | the 'sticks' for the parallel of FFT. The number of plane wave of  |
 | each k-point is 'npwk[ik]' in each processor                       |
 <<<<<<<<<<<<<<<<<<<<<<<<<<<<<<<<<<<<<<<<<<<<<<<<<<<<<<<<<<<<<<<<<<<<<<





 SETUP PLANE WAVES FOR WAVE FUNCTIONS
     energy cutoff for wavefunc (unit:Ry) = 100
              fft grid for wave functions = [ 36, 36, 36 ]
                    number of plane waves = 3431
                         number of sticks = 277

 PARALLEL PW FOR WAVE FUNCTIONS
     PROC   COLUMNS(POT)             PW
        1             35            431
        2             34            428
        3             34            428
        4             34            428
        5             35            429
        6             35            429
        7             35            429
        8             35            429
 --------------- sum -------------------
        8            277           3431
 DONE : INIT PLANEWAVE Time : 0.343574 (SEC)

                           occupied bands = 32
                                   NLOCAL = 108
                                   NBANDS = 52
                                   NBANDS = 52

 READING ORBITAL FILE NAMES FOR LCAO
 orbital file: ../../../tests/PP_ORB/Fe_gga_10au_100Ry_4s2p2d1f.orb




 >>>>>>>>>>>>>>>>>>>>>>>>>>>>>>>>>>>>>>>>>>>>>>>>>>>>>>>>>>>>>>>>>>>>>>
 |                                                                    |
 | Setup numerical orbitals:                                          |
 | This part setup: numerical atomic orbitals, non-local projectors   |
 | and neutral potential (1D). The atomic orbitals information        |
 | including the radius, angular momentum and zeta number.            |
 | The neutral potential is the sum of local part of pseudopotential  |
 | and potential given by atomic charge, they will cancel out beyond  |
 | a certain radius cutoff, because the Z/r character.                |
 |                                                                    |
 <<<<<<<<<<<<<<<<<<<<<<<<<<<<<<<<<<<<<<<<<<<<<<<<<<<<<<<<<<<<<<<<<<<<<<





 SETUP ONE DIMENSIONAL ORBITALS/POTENTIAL
                        delta k  (1/Bohr) = 0.01
                        delta r    (Bohr) = 0.01
                        dr_uniform (Bohr) = 0.001
                        rmax       (Bohr) = 30
                                    kmesh = 1005
      ORBITAL  L  N      nr      dr    RCUT  CHECK_UNIT    NEW_UNIT
            1  0  0    1001    0.01      10           1           1
            2  0  1    1001    0.01      10           1           1
            3  0  2    1001    0.01      10           1           1
            4  0  3    1001    0.01      10           1           1
            5  1  0    1001    0.01      10           1           1
            6  1  1    1001    0.01      10           1           1
            7  2  0    1001    0.01      10           1           1
            8  2  1    1001    0.01      10           1           1
            9  3  0    1001    0.01      10           1           1
 SET NONLOCAL PSEUDOPOTENTIAL PROJECTORS
 max number of nonlocal projetors among all species is 10

 SETUP THE DIVISION OF H/S MATRIX
 divide the H&S matrix using 2D block algorithms.
                                     nb2d = 2
               global2local_row dimension = 108
               global2local_col dimension = 108
                                     nloc = 1512

 -------------------------------------------
 SELF-CONSISTENT
 -------------------------------------------




 >>>>>>>>>>>>>>>>>>>>>>>>>>>>>>>>>>>>>>>>>>>>>>>>>>>>>>>>>>>>>>>>>>>>>>
 |                                                                    |
 | Search adjacent atoms:                                             |
 | Set the adjacent atoms for each atom and set the periodic boundary |
 | condition for the atoms on real space FFT grid. For k-dependent    |
 | algorithm, we also need to set the sparse H and S matrix element   |
 | for each atom.                                                     |
 |                                                                    |
 <<<<<<<<<<<<<<<<<<<<<<<<<<<<<<<<<<<<<<<<<<<<<<<<<<<<<<<<<<<<<<<<<<<<<<





 SETUP SEARCHING RADIUS FOR PROGRAM TO SEARCH ADJACENT ATOMS
                  longest orb rcut (Bohr) = 10
   longest nonlocal projector rcut (Bohr) = 1.58
              searching radius is (Bohr)) = 23.2
         searching radius unit is (Bohr)) = 1.89

 SETUP EXTENDED REAL SPACE GRID FOR GRID INTEGRATION
                          real space grid = [ 36, 36, 36 ]
                 big cell numbers in grid = [ 12, 12, 12 ]
             meshcell numbers in big cell = [ 3, 3, 3 ]
                        extended fft grid = [ 23, 23, 23 ]
                dimension of extened grid = [ 59, 59, 59 ]
                            UnitCellTotal = 125
              Atom number in sub-FFT-grid = 2
    Local orbitals number in sub-FFT-grid = 108
                                ParaV.nnr = 315252
                                     nnrg = 599238

 Warning_Memory_Consuming allocated:  Gint::hRGintCd 36.6 MB

 Warning_Memory_Consuming allocated:  Gint::DMRGint 18.4 MB

 Warning_Memory_Consuming allocated:  Gint::DMRGint_full 18.3 MB

 Warning_Memory_Consuming allocated:  pvpR_reduced 18.3 MB
                                nnrg_last = 0
                                 nnrg_now = 599238

 Warning_Memory_Consuming allocated:  LOC::DM_R 18.3 MB
                                 init_chg = atomic
 DONE : INIT SCF Time : 0.907123 (SEC)


 LCAO ALGORITHM --------------- ION=   1  ELEC=   1--------------------------------
total magnetism (Bohr mag/cell)	-3.85501e-14	-1.70414e-13	7.13218
       absolute magnetism (Bohr mag/cell) = 7.13219

 Density error is 0.105181736839
------------------------------------------------------
  Energy         Rydberg                 eV         
------------------------------------------------------
E_KohnSham      -501.0692875313     -6817.3974032258
E_Harris        -501.0542805672     -6817.1932230041
E_Fermi            1.4448216457        19.6578069759
------------------------------------------------------

 LCAO ALGORITHM --------------- ION=   1  ELEC=   2--------------------------------
total magnetism (Bohr mag/cell)	-1.03159e-10	-1.37526e-11	4.2
       absolute magnetism (Bohr mag/cell) = 4.53165

 Density error is 0.190852110392
------------------------------------------------------
  Energy         Rydberg                 eV         
------------------------------------------------------
E_KohnSham      -500.8697888376     -6814.6830842488
E_Harris        -502.7400459756     -6840.1292380501
E_Fermi            1.4173556265        19.2841126122
------------------------------------------------------

 LCAO ALGORITHM --------------- ION=   1  ELEC=   3--------------------------------
total magnetism (Bohr mag/cell)	-1.71373e-10	-2.35459e-11	4.2
       absolute magnetism (Bohr mag/cell) = 4.52133

 Density error is 0.222455564938
------------------------------------------------------
  Energy         Rydberg                 eV         
------------------------------------------------------
E_KohnSham      -501.1368613638     -6818.3167923841
E_Harris        -502.9105178466     -6842.4486268450
E_Fermi            1.4286304276        19.4375141514
------------------------------------------------------

 LCAO ALGORITHM --------------- ION=   1  ELEC=   4--------------------------------
total magnetism (Bohr mag/cell)	4.23262e-09	2.56578e-09	4.2
       absolute magnetism (Bohr mag/cell) = 4.44051

 Density error is 0.0544065057394
------------------------------------------------------
  Energy         Rydberg                 eV         
------------------------------------------------------
E_KohnSham      -501.1593322592     -6818.6225246008
E_Harris        -503.4241573533     -6849.4370508530
E_Fermi            1.3715365623        18.6607122632
------------------------------------------------------

 LCAO ALGORITHM --------------- ION=   1  ELEC=   5--------------------------------
total magnetism (Bohr mag/cell)	-3.47587e-10	-2.05853e-10	4.2
       absolute magnetism (Bohr mag/cell) = 4.37438

 Density error is 0.0135134130333
------------------------------------------------------
  Energy         Rydberg                 eV         
------------------------------------------------------
E_KohnSham      -501.1680128285     -6818.7406298044
E_Harris        -498.3245769815     -6780.0537003885
E_Fermi            1.3975769252        19.0150095762
------------------------------------------------------

 LCAO ALGORITHM --------------- ION=   1  ELEC=   6--------------------------------
total magnetism (Bohr mag/cell)	1.70851e-10	1.16812e-10	4.2
       absolute magnetism (Bohr mag/cell) = 4.37055

 Density error is 0.00982795938264
------------------------------------------------------
  Energy         Rydberg                 eV         
------------------------------------------------------
E_KohnSham      -501.1688028788     -6818.7513789899
E_Harris        -501.6589559817     -6825.4202540819
E_Fermi            1.3921581120        18.9412828398
------------------------------------------------------

 LCAO ALGORITHM --------------- ION=   1  ELEC=   7--------------------------------
total magnetism (Bohr mag/cell)	1.49996e-10	7.939e-12	4.2
       absolute magnetism (Bohr mag/cell) = 4.26892

 Density error is 0.00435204805199
------------------------------------------------------
  Energy         Rydberg                 eV         
------------------------------------------------------
E_KohnSham      -501.1696346183     -6818.7626953866
E_Harris        -501.0163629272     -6816.6773270460
E_Fermi            1.3937695567        18.9632076696
------------------------------------------------------

 LCAO ALGORITHM --------------- ION=   1  ELEC=   8--------------------------------
total magnetism (Bohr mag/cell)	2.02019e-10	6.83424e-11	4.2
       absolute magnetism (Bohr mag/cell) = 4.26884

 Density error is 0.00409236243121
------------------------------------------------------
  Energy         Rydberg                 eV         
------------------------------------------------------
E_KohnSham      -501.1697153911     -6818.7637943577
E_Harris        -501.2692320987     -6820.1177886274
E_Fermi            1.3918059434        18.9364913403
------------------------------------------------------

 LCAO ALGORITHM --------------- ION=   1  ELEC=   9--------------------------------
total magnetism (Bohr mag/cell)	5.75892e-11	6.32566e-11	4.2
       absolute magnetism (Bohr mag/cell) = 4.23548

 Density error is 0.00107592435542
------------------------------------------------------
  Energy         Rydberg                 eV         
------------------------------------------------------
E_KohnSham      -501.1698463490     -6818.7655761311
E_Harris        -501.0393882542     -6816.9906026917
E_Fermi            1.3924690605        18.9455135109
------------------------------------------------------

 LCAO ALGORITHM --------------- ION=   1  ELEC=  10--------------------------------
total magnetism (Bohr mag/cell)	6.025e-11	2.24516e-12	4.2
       absolute magnetism (Bohr mag/cell) = 4.23659

 Density error is 0.00118272631418
------------------------------------------------------
  Energy         Rydberg                 eV         
------------------------------------------------------
E_KohnSham      -501.1698419226     -6818.7655159072
E_Harris        -501.1642405442     -6818.6893052439
E_Fermi            1.3924198776        18.9448443438
------------------------------------------------------

 LCAO ALGORITHM --------------- ION=   1  ELEC=  11--------------------------------
total magnetism (Bohr mag/cell)	1.24635e-09	3.60428e-10	4.2
       absolute magnetism (Bohr mag/cell) = 4.23778

 Density error is 0.00125360446146
------------------------------------------------------
  Energy         Rydberg                 eV         
------------------------------------------------------
E_KohnSham      -501.1698380643     -6818.7654634116
E_Harris        -501.1564227484     -6818.5829386748
E_Fermi            1.3924268814        18.9449396360
------------------------------------------------------

 LCAO ALGORITHM --------------- ION=   1  ELEC=  12--------------------------------
total magnetism (Bohr mag/cell)	8.082e-11	2.7843e-11	4.2
       absolute magnetism (Bohr mag/cell) = 4.22285

 Density error is 0.000255285763941
------------------------------------------------------
  Energy         Rydberg                 eV         
------------------------------------------------------
E_KohnSham      -501.1698766417     -6818.7659882838
E_Harris        -501.1573600092     -6818.5956907628
E_Fermi            1.3923190550        18.9434725815
------------------------------------------------------

 LCAO ALGORITHM --------------- ION=   1  ELEC=  13--------------------------------
total magnetism (Bohr mag/cell)	6.89501e-11	1.40225e-11	4.2
       absolute magnetism (Bohr mag/cell) = 4.22237

 Density error is 0.00015547938204
------------------------------------------------------
  Energy         Rydberg                 eV         
------------------------------------------------------
E_KohnSham      -501.1698762486     -6818.7659829354
E_Harris        -501.1605985884     -6818.6397538932
E_Fermi            1.3924040453        18.9446289339
------------------------------------------------------

 LCAO ALGORITHM --------------- ION=   1  ELEC=  14--------------------------------
total magnetism (Bohr mag/cell)	2.4093e-10	1.98298e-11	4.2
       absolute magnetism (Bohr mag/cell) = 4.22067

 Density error is 3.36062283225e-05
------------------------------------------------------
  Energy         Rydberg                 eV         
------------------------------------------------------
E_KohnSham      -501.1698769383     -6818.7659923196
E_Harris        -501.1714098401     -6818.7868485193
E_Fermi            1.3923627258        18.9440667533
------------------------------------------------------

 LCAO ALGORITHM --------------- ION=   1  ELEC=  15--------------------------------
total magnetism (Bohr mag/cell)	-3.39762e-13	4.03364e-12	4.2
       absolute magnetism (Bohr mag/cell) = 4.2208

 Density error is 2.08174405692e-05
------------------------------------------------------
  Energy         Rydberg                 eV         
------------------------------------------------------
E_KohnSham      -501.1698769442     -6818.7659924001
E_Harris        -501.1683644757     -6818.7454142101
E_Fermi            1.3923717791        18.9441899300
------------------------------------------------------

 LCAO ALGORITHM --------------- ION=   1  ELEC=  16--------------------------------
total magnetism (Bohr mag/cell)	1.33611e-11	1.3946e-11	4.2
       absolute magnetism (Bohr mag/cell) = 4.22108

 Density error is 1.70952178086e-06
----------------------------------------------------------
    Energy           Rydberg                 eV         
----------------------------------------------------------
E_KohnSham          -501.1698769837     -6818.7659929375
E_KS(sigma->0)      -501.1063604748     -6817.9018064998
E_Harris            -501.1695562419     -6818.7616290214
E_band               -30.6240767415      -416.6619396741
E_one_elec          -204.4979499597     -2782.3373487712
E_Hartree            122.6093037584      1668.1851589277
E_xc                 -71.0782405147      -967.0690748139
E_Ewald             -348.0669522816     -4735.6938365232
E_entropy(-TS)        -0.1270330177        -1.7283728754
E_descf                0.0000000000         0.0000000000
E_exx                  0.0000000000         0.0000000000
E_Fermi                1.3923765646        18.9442550401
----------------------------------------------------------

 charge density convergence is achieved
 final etot is -6818.7659929 eV
 EFERMI = 18.94425504 eV

 STATE ENERGY(eV) AND OCCUPATIONS    NSPIN == 4
 1/8 kpoint (Cartesian) = 0.0000 0.0000 0.0000 (322 pws)
       1       -69.2212       0.125000
       2       -69.0828       0.125000
       3       -67.0479       0.125000
       4       -66.9011       0.125000
       5       -36.0615       0.125000
       6       -35.7783       0.125000
       7       -35.6368       0.125000
       8       -35.3463       0.125000
       9       -34.8789       0.125000
      10       -34.5702       0.125000
      11       -33.3722       0.125000
      12       -33.0524       0.125000
      13       -32.9488       0.125000
      14       -32.6213       0.125000
      15       -32.6186       0.125000
      16       -32.2853       0.125000
      17        10.0187       0.125000
      18        10.2643       0.125000
      19        13.7749       0.125000
      20        13.7750       0.125000
      21        15.5727       0.125000
      22        15.5732       0.125000
      23        16.3952       0.124990
      24        16.4222       0.124989
      25        16.4532       0.124986
      26        17.6439       0.121657
      27        17.6543       0.121535
      28        18.2098       0.107784
      29        18.2269       0.107076
      30        18.2595       0.105670
      31        18.8675      0.0681722
      32        18.9019      0.0656325
      33        18.9365      0.0630760
      34        20.3103     0.00265708
      35        20.3113     0.00264765
      36        20.9189    0.000210437
      37        20.9546    0.000177135
      38        20.9896    0.000149255
      39        28.2872        0.00000
      40        28.3609        0.00000
      41        28.5014        0.00000
      42        28.7449        0.00000
      43        28.8207        0.00000
      44        28.8796        0.00000
      45        34.4110        0.00000
      46        34.4112        0.00000
      47        35.6459        0.00000
      48        35.6461        0.00000
      49        39.6997        0.00000
      50        40.6175        0.00000
      51        47.2335        0.00000
      52        47.2336        0.00000

 2/8 kpoint (Cartesian) = 0.17650 0.0000 0.0000 (323 pws)
       1       -69.1466       0.125000
       2       -69.1466       0.125000
       3       -66.9687       0.125000
       4       -66.9687       0.125000
       5       -35.9491       0.125000
       6       -35.9491       0.125000
       7       -35.4916       0.125000
       8       -35.4916       0.125000
       9       -34.7558       0.125000
      10       -34.7558       0.125000
      11       -33.2436       0.125000
      12       -33.2436       0.125000
      13       -32.7824       0.125000
      14       -32.7824       0.125000
      15       -32.4858       0.125000
      16       -32.4858       0.125000
      17        13.8659       0.125000
      18        13.8659       0.125000
      19        14.4904       0.125000
      20        14.4904       0.125000
      21        15.6726       0.125000
      22        15.6726       0.125000
      23        16.8574       0.124879
      24        16.8574       0.124879
      25        16.8596       0.124877
      26        16.8596       0.124877
      27        17.6170       0.121954
      28        17.6170       0.121954
      29        17.8500       0.118489
      30        17.8500       0.118489
      31        18.5980      0.0870562
      32        18.5980      0.0870562
      33        18.6073      0.0864479
      34        18.6073      0.0864479
      35        18.9159      0.0645990
      36        18.9159      0.0645990
      37        19.5496      0.0230455
      38        19.5496      0.0230455
      39        21.2114    4.75798e-05
      40        21.2114    4.75798e-05
      41        35.8545        0.00000
      42        35.8545        0.00000
      43        35.8546        0.00000
      44        35.8546        0.00000
      45        36.3246        0.00000
      46        36.3246        0.00000
      47        36.5942        0.00000
      48        36.5942        0.00000
      49        36.5955        0.00000
      50        36.5955        0.00000
      51        37.2042        0.00000
      52        37.2042        0.00000

 3/8 kpoint (Cartesian) = 0.0000 0.17650 0.0000 (319 pws)
       1       -69.1466       0.125000
       2       -69.1466       0.125000
       3       -66.9687       0.125000
       4       -66.9687       0.125000
       5       -35.9491       0.125000
       6       -35.9491       0.125000
       7       -35.4916       0.125000
       8       -35.4916       0.125000
       9       -34.7558       0.125000
      10       -34.7558       0.125000
      11       -33.2436       0.125000
      12       -33.2436       0.125000
      13       -32.7824       0.125000
      14       -32.7824       0.125000
      15       -32.4858       0.125000
      16       -32.4858       0.125000
      17        13.8659       0.125000
      18        13.8659       0.125000
      19        14.4904       0.125000
      20        14.4904       0.125000
      21        15.6726       0.125000
      22        15.6726       0.125000
      23        16.8574       0.124879
      24        16.8574       0.124879
      25        16.8596       0.124877
      26        16.8596       0.124877
      27        17.6170       0.121954
      28        17.6170       0.121954
      29        17.8500       0.118489
      30        17.8500       0.118489
      31        18.5980      0.0870562
      32        18.5980      0.0870562
      33        18.6073      0.0864479
      34        18.6073      0.0864479
      35        18.9159      0.0645990
      36        18.9159      0.0645990
      37        19.5496      0.0230455
      38        19.5496      0.0230455
      39        21.2114    4.75798e-05
      40        21.2114    4.75798e-05
      41        35.8545        0.00000
      42        35.8545        0.00000
      43        35.8546        0.00000
      44        35.8546        0.00000
      45        36.3246        0.00000
      46        36.3246        0.00000
      47        36.5942        0.00000
      48        36.5942        0.00000
      49        36.5955        0.00000
      50        36.5955        0.00000
      51        37.2042        0.00000
      52        37.2042        0.00000

 4/8 kpoint (Cartesian) = 0.17650 0.17650 0.0000 (321 pws)
       1       -69.1413       0.125000
       2       -69.1413       0.125000
       3       -66.9625       0.125000
       4       -66.9625       0.125000
       5       -36.0047       0.125000
       6       -36.0047       0.125000
       7       -35.4901       0.125000
       8       -35.4901       0.125000
       9       -34.7536       0.125000
      10       -34.7536       0.125000
      11       -33.3234       0.125000
      12       -33.3234       0.125000
      13       -32.7764       0.125000
      14       -32.7764       0.125000
      15       -32.4607       0.125000
      16       -32.4607       0.125000
      17        13.6828       0.125000
      18        13.6828       0.125000
      19        14.9359       0.125000
      20        14.9359       0.125000
      21        15.3080       0.125000
      22        15.3080       0.125000
      23        16.9322       0.124824
      24        16.9322       0.124824
      25        17.7162       0.120736
      26        17.7162       0.120736
      27        17.8549       0.118391
      28        17.8549       0.118391
      29        18.9769      0.0600836
      30        18.9769      0.0600836
      31        19.1746      0.0457713
      32        19.1746      0.0457713
      33        19.1767      0.0456217
      34        19.1767      0.0456217
      35        20.1526     0.00454777
      36        20.1526     0.00454777
      37        20.5655     0.00100426
      38        20.5655     0.00100426
      39        21.2550    3.75507e-05
      40        21.2550    3.75507e-05
      41        26.0302        0.00000
      42        26.0302        0.00000
      43        27.3401        0.00000
      44        27.3401        0.00000
      45        37.9852        0.00000
      46        37.9852        0.00000
      47        38.4137        0.00000
      48        38.4137        0.00000
      49        38.8769        0.00000
      50        38.8769        0.00000
      51        39.4812        0.00000
      52        39.4812        0.00000

 5/8 kpoint (Cartesian) = 0.0000 0.0000 0.17650 (330 pws)
       1       -69.1466       0.125000
       2       -69.1466       0.125000
       3       -66.9687       0.125000
       4       -66.9687       0.125000
       5       -35.9201       0.125000
       6       -35.9201       0.125000
       7       -35.5496       0.125000
       8       -35.5496       0.125000
       9       -34.7200       0.125000
      10       -34.7200       0.125000
      11       -33.2166       0.125000
      12       -33.2166       0.125000
      13       -32.8554       0.125000
      14       -32.8554       0.125000
      15       -32.4467       0.125000
      16       -32.4467       0.125000
      17        13.8659       0.125000
      18        13.8659       0.125000
      19        14.4903       0.125000
      20        14.4903       0.125000
      21        15.6723       0.125000
      22        15.6723       0.125000
      23        16.8274       0.124896
      24        16.8274       0.124896
      25        16.8903       0.124857
      26        16.8903       0.124857
      27        17.6307       0.121805
      28        17.6307       0.121805
      29        17.8367       0.118747
      30        17.8367       0.118747
      31        18.5596      0.0895047
      32        18.5596      0.0895047
      33        18.6397      0.0843043
      34        18.6397      0.0843043
      35        18.9215      0.0641859
      36        18.9215      0.0641858
      37        19.5496      0.0230471
      38        19.5496      0.0230471
      39        21.2109    4.77177e-05
      40        21.2109    4.77177e-05
      41        35.7820        0.00000
      42        35.7820        0.00000
      43        35.9461        0.00000
      44        35.9461        0.00000
      45        36.3242        0.00000
      46        36.3242        0.00000
      47        36.5020        0.00000
      48        36.5020        0.00000
      49        36.6695        0.00000
      50        36.6695        0.00000
      51        37.2040        0.00000
      52        37.2040        0.00000

 6/8 kpoint (Cartesian) = 0.17650 0.0000 0.17650 (326 pws)
       1       -69.1413       0.125000
       2       -69.1413       0.125000
       3       -66.9625       0.125000
       4       -66.9625       0.125000
       5       -35.9842       0.125000
       6       -35.9842       0.125000
       7       -35.5339       0.125000
       8       -35.5339       0.125000
       9       -34.7274       0.125000
      10       -34.7274       0.125000
      11       -33.2873       0.125000
      12       -33.2873       0.125000
      13       -32.8560       0.125000
      14       -32.8560       0.125000
      15       -32.4201       0.125000
      16       -32.4201       0.125000
      17        13.6827       0.125000
      18        13.6827       0.125000
      19        14.9358       0.125000
      20        14.9358       0.125000
      21        15.3080       0.125000
      22        15.3080       0.125000
      23        16.9338       0.124823
      24        16.9338       0.124823
      25        17.7238       0.120628
      26        17.7238       0.120628
      27        17.8439       0.118607
      28        17.8439       0.118607
      29        18.9768      0.0600890
      30        18.9768      0.0600890
      31        19.1766      0.0456286
      32        19.1766      0.0456286
      33        19.1767      0.0456225
      34        19.1767      0.0456225
      35        20.1558     0.00450146
      36        20.1558     0.00450146
      37        20.5613     0.00102130
      38        20.5613     0.00102130
      39        21.2558    3.73853e-05
      40        21.2558    3.73853e-05
      41        26.0301        0.00000
      42        26.0301        0.00000
      43        27.3402        0.00000
      44        27.3402        0.00000
      45        37.9835        0.00000
      46        37.9835        0.00000
      47        38.4180        0.00000
      48        38.4180        0.00000
      49        38.8735        0.00000
      50        38.8735        0.00000
      51        39.4821        0.00000
      52        39.4821        0.00000

 7/8 kpoint (Cartesian) = 0.0000 0.17650 0.17650 (326 pws)
       1       -69.1413       0.125000
       2       -69.1413       0.125000
       3       -66.9625       0.125000
       4       -66.9625       0.125000
       5       -35.9842       0.125000
       6       -35.9842       0.125000
       7       -35.5339       0.125000
       8       -35.5339       0.125000
       9       -34.7274       0.125000
      10       -34.7274       0.125000
      11       -33.2873       0.125000
      12       -33.2873       0.125000
      13       -32.8560       0.125000
      14       -32.8560       0.125000
      15       -32.4201       0.125000
      16       -32.4201       0.125000
      17        13.6827       0.125000
      18        13.6827       0.125000
      19        14.9358       0.125000
      20        14.9358       0.125000
      21        15.3080       0.125000
      22        15.3080       0.125000
      23        16.9338       0.124823
      24        16.9338       0.124823
      25        17.7238       0.120628
      26        17.7238       0.120628
      27        17.8439       0.118607
      28        17.8439       0.118607
      29        18.9768      0.0600890
      30        18.9768      0.0600890
      31        19.1766      0.0456286
      32        19.1766      0.0456286
      33        19.1767      0.0456225
      34        19.1767      0.0456225
      35        20.1558     0.00450146
      36        20.1558     0.00450146
      37        20.5613     0.00102130
      38        20.5613     0.00102130
      39        21.2558    3.73853e-05
      40        21.2558    3.73853e-05
      41        26.0301        0.00000
      42        26.0301        0.00000
      43        27.3402        0.00000
      44        27.3402        0.00000
      45        37.9835        0.00000
      46        37.9835        0.00000
      47        38.4180        0.00000
      48        38.4180        0.00000
      49        38.8735        0.00000
      50        38.8735        0.00000
      51        39.4821        0.00000
      52        39.4821        0.00000

 8/8 kpoint (Cartesian) = 0.17650 0.17650 0.17650 (306 pws)
       1       -69.1362       0.125000
       2       -69.1362       0.125000
       3       -66.9566       0.125000
       4       -66.9566       0.125000
       5       -35.9710       0.125000
       6       -35.9710       0.125000
       7       -35.5441       0.125000
       8       -35.5441       0.125000
       9       -34.7810       0.125000
      10       -34.7810       0.125000
      11       -33.2711       0.125000
      12       -33.2711       0.125000
      13       -32.8459       0.125000
      14       -32.8459       0.125000
      15       -32.5142       0.125000
      16       -32.5142       0.125000
      17        15.4107       0.125000
      18        15.4107       0.125000
      19        15.4195       0.125000
      20        15.4195       0.125000
      21        15.4287       0.125000
      22        15.4287       0.125000
      23        16.7514       0.124929
      24        16.7514       0.124929
      25        16.7554       0.124928
      26        16.7554       0.124928
      27        16.7566       0.124927
      28        16.7566       0.124927
      29        17.8808       0.117856
      30        17.8808       0.117856
      31        17.8815       0.117841
      32        17.8815       0.117841
      33        20.6062    0.000849674
      34        20.6062    0.000849673
      35        20.6065    0.000848419
      36        20.6065    0.000848419
      37        27.2288        0.00000
      38        27.2288        0.00000
      39        27.2616        0.00000
      40        27.2616        0.00000
      41        27.2964        0.00000
      42        27.2964        0.00000
      43        28.1753        0.00000
      44        28.1753        0.00000
      45        28.2024        0.00000
      46        28.2024        0.00000
      47        28.2279        0.00000
      48        28.2279        0.00000
      49        29.3733        0.00000
      50        29.3733        0.00000
      51        30.0360        0.00000
      52        30.0360        0.00000



 --------------------------------------------
 !FINAL_ETOT_IS -6818.765992937491 eV
 --------------------------------------------


TIME STATISTICS
------------------------------------------------------------------------------------
     CLASS_NAME                 NAME            TIME(Sec)  CALLS   AVG(Sec) PER(%)
------------------------------------------------------------------------------------
                     total                      236.25           9  26.25   100.00
Driver               reading                      0.01           1   0.01     0.00
Input                Init                         0.01           1   0.01     0.00
Input_Conv           Convert                      0.00           1   0.00     0.00
Driver               driver_line                236.24           1 236.24   100.00
UnitCell             check_tau                    0.00           1   0.00     0.00
PW_Basis             setuptransform               0.20           1   0.20     0.09
PW_Basis             distributeg                  0.00           1   0.00     0.00
mymath               heapsort                     0.00           3   0.00     0.00
PW_Basis_K           setuptransform               0.05           1   0.05     0.02
PW_Basis_K           distributeg                  0.00           1   0.00     0.00
PW_Basis             setup_struc_factor           0.00           1   0.00     0.00
ORB_control          read_orb_first               0.24           1   0.24     0.10
LCAO_Orbitals        Read_Orbitals                0.24           1   0.24     0.10
NOrbital_Lm          extra_uniform                0.01           9   0.00     0.00
Mathzone_Add1        SplineD2                     0.00           9   0.00     0.00
Mathzone_Add1        Cubic_Spline_Interpolation   0.01           9   0.00     0.00
Sphbes               Spherical_Bessel             0.04       10284   0.00     0.02
ppcell_vl            init_vloc                    0.01           1   0.01     0.00
Ions                 opt_ions                   235.51           1 235.51    99.69
ESolver_KS_LCAO      Run                        235.51           1 235.51    99.69
ESolver_KS_LCAO      beforescf                    0.17           1   0.17     0.07
ESolver_KS_LCAO      beforesolver                 0.13           1   0.13     0.05
ESolver_KS_LCAO      set_matrix_grid              0.05           1   0.05     0.02
atom_arrange         search                       0.00           1   0.00     0.00
Grid_Technique       init                         0.04           1   0.04     0.02
Grid_BigCell         grid_expansion_index         0.01           2   0.00     0.00
Record_adj           for_2d                       0.00           1   0.00     0.00
Grid_Driver          Find_atom                    0.00          52   0.00     0.00
LCAO_Hamilt          grid_prepare                 0.00           1   0.00     0.00
Veff                 initialize_HR                0.00           1   0.00     0.00
OverlapNew           initialize_SR                0.00           1   0.00     0.00
EkineticNew          initialize_HR                0.00           1   0.00     0.00
NonlocalNew          initialize_HR                0.00           1   0.00     0.00
Charge               set_rho_core                 0.02           1   0.02     0.01
PW_Basis             recip2real                   0.05         210   0.00     0.02
PW_Basis             gathers_scatterp             0.03         210   0.00     0.01
Charge               atomic_rho                   0.01           1   0.01     0.00
Potential            init_pot                     0.01           1   0.01     0.01
Potential            update_from_charge           0.20          17   0.01     0.08
Potential            cal_fixed_v                  0.00           1   0.00     0.00
PotLocal             cal_fixed_v                  0.00           1   0.00     0.00
Potential            cal_v_eff                    0.20          17   0.01     0.08
H_Hartree_pw         v_hartree                    0.01          17   0.00     0.00
PW_Basis             real2recip                   0.03         187   0.00     0.01
PW_Basis             gatherp_scatters             0.01         187   0.00     0.00
PotXC                cal_v_eff                    0.19          17   0.01     0.08
XC_Functional        v_xc                         0.19          17   0.01     0.08
H_Ewald_pw           compute_ewald                0.00           1   0.00     0.00
HSolverLCAO          solve                      223.48         778   0.29    94.59
HamiltLCAO           updateHk                   113.81        6224   0.02    48.17
OperatorLCAO         init                        97.77       24896   0.00    41.38
Veff                 contributeHR                95.56          16   5.97    40.45
Gint_interface       cal_gint                   158.17          80   1.98    66.95
Gint_interface       cal_gint_vlocal             90.24          64   1.41    38.20
Gint_Tools           cal_psir_ylm                 9.46       23040   0.00     4.00
Gint_k               transfer_pvpR                5.32          16   0.33     2.25
OverlapNew           calculate_SR                 0.27           1   0.27     0.11
OverlapNew           contributeHk                 7.32        6224   0.00     3.10
EkineticNew          contributeHR                 0.29          16   0.02     0.12
EkineticNew          calculate_HR                 0.29           1   0.29     0.12
NonlocalNew          contributeHR                 1.84          16   0.12     0.78
NonlocalNew          calculate_HR                 1.81           1   1.81     0.76
OperatorScLambda     contributeHk                 1.27        6224   0.00     0.54
SpinConstrain        cal_h_lambda                 1.21        6224   0.00     0.51
OperatorLCAO         contributeHk                 7.14        6224   0.00     3.02
HSolverLCAO          hamiltSolvePsiK             36.60        6224   0.01    15.49
DiagoElpa            elpa_solve                  33.56        6224   0.01    14.21
ElecStateLCAO        psiToRho                    71.91          16   4.49    30.44
elecstate            cal_dm                       0.90         778   0.00     0.38
psiMulPsiMpi         pdgemm                       0.87        6224   0.00     0.37
DensityMatrix        cal_DMR                      0.14          16   0.01     0.06
 Local_Orbital_wfc   wfc_2d_to_grid               1.07        6232   0.00     0.45
Gint                 transfer_DMR                 1.19          16   0.07     0.50
Gint_interface       cal_gint_rho                67.94          16   4.25    28.76
HamiltLCAO           updateSk                     7.40        6368   0.00     3.13
Charge_Mixing        get_drho                     0.00          16   0.00     0.00
Charge               mix_rho                      0.02          15   0.00     0.01
Charge               Pulay_mixing                 0.01          15   0.00     0.00
SpinConstrain        cal_mw_from_lambda         153.08         762   0.20    64.80
ModuleIO             write_istate_info            0.00           1   0.00     0.00
------------------------------------------------------------------------------------

 NAME---------------|MEMORY(MB)--------
               total          1057.
      Gint::hRGintCd          292.8
       Gint::DMRGint          147.1
  Gint::DMRGint_full          146.5
        pvpR_reduced          146.3
           LOC::DM_R          146.3
      HamiltLCAO::hR          37.32
      HamiltLCAO::sR          36.78
  DensityMatrix::DMR          18.77
TwoCenterTable: Nonlocal          17.48
TwoCenterTable: Kinetic          14.35
TwoCenterTable: Overlap          14.35
        meshball_pos          10.49
    GT::index2normal          6.268
     GT::index2ucell          6.268
           FFT::grid          1.661
            Chg::rho          1.582
       Chg::rho_save          1.518
           Pot::veff          1.424
  DensityMatrix::DMK          1.187
      Grid::AtomLink          1.043
 -------------   < 1.0 MB has been ignored ----------------
 ----------------------------------------------------------

 Start  Time  : Mon Oct 30 05:56:09 2023
 Finish Time  : Mon Oct 30 06:00:05 2023
 Total  Time  : 0 h 3 mins 56 secs 
