STEP: 0
CALCULATE THE MULLIkEN ANALYSIS FOR EACH ATOM
 Total charge of spin 1:	16
 Total charge of spin 2:	16
 Total charge:	32
Decomposed Mulliken populations
0                 Zeta of Fe                        Spin 1                        Spin 2                           Sum                          Diff
s                        0                            0.51                        0.3574                        0.8674                        0.1526
  sum over m                                          0.51                        0.3574                             0.8674                   0.1526
s                        1                          0.9204                         0.897                         1.817                       0.02334
  sum over m                                        0.9204                         0.897                              1.817                  0.02334
s                        2                         0.04826                       0.02183                       0.07009                       0.02642
  sum over m                                       0.04826                       0.02183                            0.07009                  0.02642
s                        3                      -0.0004053                    -5.557e-05                    -0.0004609                    -0.0003497
  sum over m                                    -0.0004053                    -5.557e-05                         -0.0004609               -0.0003497
  sum over m+zeta                                    1.478                         1.276                              2.754                    0.202
px                        0                           0.997                        0.9971                         1.994                    -3.935e-05
py                        0                           0.997                        0.9971                         1.994                    -8.586e-05
pz                        0                          0.9972                        0.9972                         1.994                     -2.28e-05
  sum over m                                         2.991                         2.991                              5.983                -0.000148
px                        1                          0.1921                        0.1458                        0.3379                       0.04632
py                        1                          0.0229                       0.01048                       0.03337                       0.01242
pz                        1                         0.08399                       0.06112                        0.1451                       0.02287
  sum over m                                         0.299                        0.2174                             0.5164                  0.08161
  sum over m+zeta                                     3.29                         3.209                              6.499                  0.08147
d3z^2-r^2                        0                          0.9859                        0.1591                         1.145                        0.8268
dxy                        0                           0.931                        0.4532                         1.384                        0.4778
dxz                        0                          0.9202                         0.678                         1.598                        0.2422
dx^2-y^2                        0                          0.9877                        0.4979                         1.486                        0.4898
dyz                        0                          0.9328                         0.168                         1.101                        0.7648
  sum over m                                         4.758                         1.956                              6.714                    2.801
d3z^2-r^2                        1                        0.008356                      0.006881                       0.01524                      0.001475
dxy                        1                        0.002451                      0.003049                        0.0055                     -0.000598
dxz                        1                       -0.004138                     -0.004896                     -0.009034                     0.0007584
dx^2-y^2                        1                        0.001471                     0.0006241                      0.002095                     0.0008468
dyz                        1                        0.003617                      0.004273                      0.007891                    -0.0006563
  sum over m                                       0.01176                      0.009931                            0.02169                 0.001826
  sum over m+zeta                                    4.769                         1.966                              6.736                    2.803
f5z^2-3r^2                        0                       0.0001725                       0.00011                     0.0002825                     6.249e-05
f5xz^2-xr^2                        0                       5.323e-05                     3.895e-05                     9.217e-05                     1.428e-05
f5yz^2-yr^2                        0                       0.0003713                     0.0002969                     0.0006682                     7.438e-05
fzx^2-zy^2                        0                        0.003645                      0.001879                      0.005524                      0.001765
fxyz                        0                       0.0001469                      0.000517                      0.000664                    -0.0003701
fx^3-3*xy^2                        0                        0.001111                     0.0006851                      0.001796                     0.0004255
f3yx^2-y^3                        0                        0.001232                     0.0007888                      0.002021                     0.0004431
  sum over m                                      0.006731                      0.004316                            0.01105                 0.002415
  sum over m+zeta                                 0.006731                      0.004316                            0.01105                 0.002415
Total Charge on atom:  Fe                  16
Total Magnetism on atom:  Fe               3.089


1                 Zeta of Fe                        Spin 1                        Spin 2                           Sum                          Diff
s                        0                          0.3573                        0.5099                        0.8672                       -0.1526
  sum over m                                        0.3573                        0.5099                             0.8672                  -0.1526
s                        1                           0.897                        0.9203                         1.817                      -0.02334
  sum over m                                         0.897                        0.9203                              1.817                 -0.02334
s                        2                         0.02182                       0.04826                       0.07008                      -0.02644
  sum over m                                       0.02182                       0.04826                            0.07008                 -0.02644
s                        3                       -5.61e-05                    -0.0004061                    -0.0004622                       0.00035
  sum over m                                     -5.61e-05                    -0.0004061                         -0.0004622                  0.00035
  sum over m+zeta                                    1.276                         1.478                              2.754                   -0.202
px                        0                          0.9971                         0.997                         1.994                     3.871e-05
py                        0                          0.9971                         0.997                         1.994                     8.512e-05
pz                        0                          0.9972                        0.9972                         1.994                      2.22e-05
  sum over m                                         2.991                         2.991                              5.983                 0.000146
px                        1                          0.1458                        0.1921                        0.3379                      -0.04633
py                        1                         0.01048                        0.0229                       0.03337                      -0.01242
pz                        1                         0.06112                         0.084                        0.1451                      -0.02287
  sum over m                                        0.2174                         0.299                             0.5164                 -0.08162
  sum over m+zeta                                    3.209                          3.29                              6.499                 -0.08148
d3z^2-r^2                        0                           0.159                        0.9859                         1.145                       -0.8269
dxy                        0                          0.4533                         0.931                         1.384                       -0.4777
dxz                        0                          0.6781                        0.9202                         1.598                       -0.2421
dx^2-y^2                        0                          0.4978                        0.9877                         1.485                       -0.4899
dyz                        0                           0.168                        0.9328                         1.101                       -0.7648
  sum over m                                         1.956                         4.758                              6.714                   -2.801
d3z^2-r^2                        1                        0.006838                      0.008301                       0.01514                     -0.001463
dxy                        1                        0.003047                      0.002454                      0.005501                     0.0005934
dxz                        1                       -0.004899                     -0.004144                     -0.009043                    -0.0007547
dx^2-y^2                        1                       0.0006081                      0.001451                      0.002059                     -0.000843
dyz                        1                        0.004273                      0.003619                      0.007892                      0.000654
  sum over m                                      0.009867                       0.01168                            0.02155                -0.001814
  sum over m+zeta                                    1.966                         4.769                              6.736                   -2.803
f5z^2-3r^2                        0                       0.0001102                     0.0001727                     0.0002828                    -6.251e-05
f5xz^2-xr^2                        0                       3.895e-05                     5.321e-05                     9.216e-05                    -1.426e-05
f5yz^2-yr^2                        0                       0.0002969                     0.0003713                     0.0006681                    -7.443e-05
fzx^2-zy^2                        0                        0.001879                      0.003644                      0.005523                     -0.001765
fxyz                        0                       0.0005171                     0.0001469                      0.000664                     0.0003703
fx^3-3*xy^2                        0                       0.0006852                       0.00111                      0.001796                    -0.0004251
f3yx^2-y^3                        0                       0.0007889                      0.001232                      0.002021                    -0.0004428
  sum over m                                      0.004316                       0.00673                            0.01105                -0.002413
  sum over m+zeta                                 0.004316                       0.00673                            0.01105                -0.002413
Total Charge on atom:  Fe                  16
Total Magnetism on atom:  Fe              -3.089


