STEP: 0
CALCULATE THE MULLIkEN ANALYSIS FOR EACH ATOM
 Total charge:	32
Decomposed Mulliken populations
0                 Zeta of Fe                        Spin 1                        Spin 2                        Spin 3                        Spin 4
s                        0                          0.7193                             0                             0                      -0.05315
  sum over m                                        0.7193                             0                             0                      -0.05315
s                        1                           1.577                             0                             0                      -0.04318
  sum over m                                         1.577                             0                             0                      -0.04318
s                        2                        0.001404                             0                             0                       0.02999
  sum over m                                      0.001404                             0                             0                       0.02999
s                        3                        0.004728                             0                             0                    -6.937e-05
  sum over m                                      0.004728                             0                             0                    -6.937e-05
  sum over m+zeta                                    2.303                             0                             0                       -0.0664
pz                        0                           1.988                             0                             0                     -0.002066
px                        0                           1.988                             0                             0                     -0.002065
py                        0                           1.988                             0                             0                     -0.002065
  sum over m                                         5.965                             0                             0                     -0.006196
pz                        1                          0.3102                             0                             0                       0.05373
px                        1                          0.3102                             0                             0                       0.05367
py                        1                          0.3102                             0                             0                       0.05367
  sum over m                                        0.9305                             0                             0                        0.1611
  sum over m+zeta                                    6.896                             0                             0                        0.1549
dz^2                        0                           1.242                             0                             0                        0.5836
dxz                        0                           1.373                             0                             0                        0.3388
dyz                        0                           1.373                             0                             0                        0.3388
dx^2-y^2                        0                           1.242                             0                             0                        0.5836
dxy                        0                           1.374                             0                             0                        0.3384
  sum over m                                         6.605                             0                             0                         2.183
dz^2                        1                         0.04733                             0                             0                       0.01432
dxz                        1                         0.01611                             0                             0                      0.004316
dyz                        1                         0.01611                             0                             0                      0.004316
dx^2-y^2                        1                          0.0473                             0                             0                       0.01431
dxy                        1                         0.01609                             0                             0                       0.00434
  sum over m                                        0.1429                             0                             0                        0.0416
  sum over m+zeta                                    6.748                             0                             0                         2.225
fz^3                        0                        0.005542                             0                             0                     0.0007745
fxz^2                        0                        0.009025                             0                             0                     0.0005368
fyz^2                        0                        0.009025                             0                             0                     0.0005368
fzx^2-zy^2                        0                         0.01111                             0                             0                     0.0003961
fxyz                        0                        0.003876                             0                             0                      0.001951
fx^3-3*xy^2                        0                        0.007632                             0                             0                      0.000632
f3yx^2-y^3                        0                        0.007632                             0                             0                      0.000632
  sum over m                                       0.05385                             0                             0                      0.005459
  sum over m+zeta                                  0.05385                             0                             0                      0.005459
Total Charge on atom:  Fe                  16
Total Magnetism on atom:  Fe                   (0, 0, 2.319)


1                 Zeta of Fe                        Spin 1                        Spin 2                        Spin 3                        Spin 4
s                        0                          0.7193                             0                             0                      -0.05315
  sum over m                                        0.7193                             0                             0                      -0.05315
s                        1                           1.577                             0                             0                      -0.04318
  sum over m                                         1.577                             0                             0                      -0.04318
s                        2                        0.001404                             0                             0                       0.02999
  sum over m                                      0.001404                             0                             0                       0.02999
s                        3                        0.004728                             0                             0                    -6.937e-05
  sum over m                                      0.004728                             0                             0                    -6.937e-05
  sum over m+zeta                                    2.303                             0                             0                       -0.0664
pz                        0                           1.988                             0                             0                     -0.002066
px                        0                           1.988                             0                             0                     -0.002065
py                        0                           1.988                             0                             0                     -0.002065
  sum over m                                         5.965                             0                             0                     -0.006196
pz                        1                          0.3102                             0                             0                       0.05373
px                        1                          0.3102                             0                             0                       0.05367
py                        1                          0.3102                             0                             0                       0.05367
  sum over m                                        0.9305                             0                             0                        0.1611
  sum over m+zeta                                    6.896                             0                             0                        0.1549
dz^2                        0                           1.242                             0                             0                        0.5836
dxz                        0                           1.373                             0                             0                        0.3388
dyz                        0                           1.373                             0                             0                        0.3388
dx^2-y^2                        0                           1.242                             0                             0                        0.5836
dxy                        0                           1.374                             0                             0                        0.3384
  sum over m                                         6.605                             0                             0                         2.183
dz^2                        1                         0.04733                             0                             0                       0.01432
dxz                        1                         0.01611                             0                             0                      0.004316
dyz                        1                         0.01611                             0                             0                      0.004316
dx^2-y^2                        1                          0.0473                             0                             0                       0.01431
dxy                        1                         0.01609                             0                             0                       0.00434
  sum over m                                        0.1429                             0                             0                        0.0416
  sum over m+zeta                                    6.748                             0                             0                         2.225
fz^3                        0                        0.005542                             0                             0                     0.0007745
fxz^2                        0                        0.009025                             0                             0                     0.0005368
fyz^2                        0                        0.009025                             0                             0                     0.0005368
fzx^2-zy^2                        0                         0.01111                             0                             0                     0.0003961
fxyz                        0                        0.003876                             0                             0                      0.001951
fx^3-3*xy^2                        0                        0.007632                             0                             0                      0.000632
f3yx^2-y^3                        0                        0.007632                             0                             0                      0.000632
  sum over m                                       0.05385                             0                             0                      0.005459
  sum over m+zeta                                  0.05385                             0                             0                      0.005459
Total Charge on atom:  Fe                  16
Total Magnetism on atom:  Fe                   (0, 0, 2.319)


