STEP: 0
CALCULATE THE MULLIkEN ANALYSIS FOR EACH ATOM
 Total charge of spin 1:	4.5
 Total charge of spin 2:	4.5
 Total charge:	9
Decomposed Mulliken populations
0                             Zeta of Si              Spin 1              Spin 2                 Sum                Diff
s                                      0              0.6711              0.6711              1.3422              0.0000
s                                      1              0.0029              0.0029              0.0058             -0.0000
SUM OVER M+Zeta                                       0.6740              0.6740              1.3480              0.0000

pz                                     0              0.3982              0.3982              0.7964             -0.0000
px                                     0              0.3836              0.3836              0.7673             -0.0000
py                                     0              0.3836              0.3836              0.7673             -0.0000
SUM OVER M                                            1.1655              1.1655              2.3310             -0.0000
pz                                     1              0.0542              0.0542              0.1084             -0.0000
px                                     1              0.0519              0.0519              0.1037              0.0000
py                                     1              0.0519              0.0519              0.1037              0.0000
SUM OVER M                                            0.1579              0.1579              0.3158              0.0000
SUM OVER M+Zeta                                       1.3234              1.3234              2.6468             -0.0000

dz^2                                   0              0.0051              0.0051              0.0102              0.0000
dxz                                    0              0.0814              0.0814              0.1629              0.0000
dyz                                    0              0.0814              0.0814              0.1629              0.0000
dx^2-y^2                               0              0.0079              0.0079              0.0157             -0.0000
dxy                                    0              0.0779              0.0779              0.1557             -0.0000
SUM OVER M                                            0.2537              0.2537              0.5075              0.0000
SUM OVER M+Zeta                                       0.2537              0.2537              0.5075              0.0000

SUM OVER M+Zeta+L                                     2.2512              2.2512              4.5023             -0.0000

Total Charge on atom:                 Si              4.5023
Total Magnetism on atom:              Si             -0.0000


1                             Zeta of Si              Spin 1              Spin 2                 Sum                Diff
s                                      0              0.6704              0.6704              1.3407              0.0000
s                                      1              0.0021              0.0021              0.0041             -0.0000
SUM OVER M+Zeta                                       0.6724              0.6724              1.3449              0.0000

pz                                     0              0.3958              0.3958              0.7917             -0.0000
px                                     0              0.3828              0.3828              0.7657             -0.0000
py                                     0              0.3828              0.3828              0.7657             -0.0000
SUM OVER M                                            1.1615              1.1615              2.3230             -0.0000
pz                                     1              0.0548              0.0548              0.1095             -0.0000
px                                     1              0.0527              0.0527              0.1055              0.0000
py                                     1              0.0527              0.0527              0.1055              0.0000
SUM OVER M                                            0.1602              0.1602              0.3205              0.0000
SUM OVER M+Zeta                                       1.3217              1.3217              2.6435             -0.0000

dz^2                                   0              0.0051              0.0051              0.0103              0.0000
dxz                                    0              0.0817              0.0817              0.1634              0.0000
dyz                                    0              0.0817              0.0817              0.1634              0.0000
dx^2-y^2                               0              0.0079              0.0079              0.0158             -0.0000
dxy                                    0              0.0783              0.0783              0.1565             -0.0000
SUM OVER M                                            0.2547              0.2547              0.5093              0.0000
SUM OVER M+Zeta                                       0.2547              0.2547              0.5093              0.0000

SUM OVER M+Zeta+L                                     2.2488              2.2488              4.4977              0.0000

Total Charge on atom:                 Si              4.4977
Total Magnetism on atom:              Si              0.0000


